Copyright 1986-2022 Xilinx, Inc. All Rights Reserved. Copyright 2022-2025 Advanced Micro Devices, Inc. All Rights Reserved.
---------------------------------------------------------------------------------------------------------------------------------------------
| Tool Version : Vivado v.2025.2 (win64) Build 6299465 Fri Nov 14 19:35:11 GMT 2025
| Date         : Wed Jul  1 22:38:36 2026
| Host         : AYODELE running 64-bit major release  (build 9200)
| Command      : report_control_sets -verbose -file Matrix_Accelerator_control_sets_placed.rpt
| Design       : Matrix_Accelerator
| Device       : xc7k70t
---------------------------------------------------------------------------------------------------------------------------------------------

Control Set Information

Table of Contents
-----------------
1. Summary
2. Histogram
3. Flip-Flop Distribution
4. Detailed Control Set Information

1. Summary
----------

+----------------------------------------------------------+-------+
|                          Status                          | Count |
+----------------------------------------------------------+-------+
| Total control sets                                       |    11 |
|    Minimum number of control sets                        |    11 |
|    Addition due to synthesis replication                 |     0 |
|    Addition due to physical synthesis replication        |     0 |
| Unused register locations in slices containing registers |     6 |
+----------------------------------------------------------+-------+
* Control sets can be merged at opt_design using control_set_merge or merge_equivalent_drivers
** Run report_qor_suggestions for automated merging and remapping suggestions


2. Histogram
------------

+--------------------+-------+
|       Fanout       | Count |
+--------------------+-------+
| Total control sets |    11 |
| >= 0 to < 4        |     1 |
| >= 4 to < 6        |     0 |
| >= 6 to < 8        |     0 |
| >= 8 to < 10       |     8 |
| >= 10 to < 12      |     0 |
| >= 12 to < 14      |     0 |
| >= 14 to < 16      |     0 |
| >= 16              |     2 |
+--------------------+-------+
* Control sets can be remapped at either synth_design or opt_design


3. Flip-Flop Distribution
-------------------------

+--------------+-----------------------+------------------------+-----------------+--------------+
| Clock Enable | Synchronous Set/Reset | Asynchronous Set/Reset | Total Registers | Total Slices |
+--------------+-----------------------+------------------------+-----------------+--------------+
| No           | No                    | No                     |               2 |            1 |
| No           | No                    | Yes                    |               0 |            0 |
| No           | Yes                   | No                     |               0 |            0 |
| Yes          | No                    | No                     |             192 |           56 |
| Yes          | No                    | Yes                    |               0 |            0 |
| Yes          | Yes                   | No                     |              32 |           13 |
+--------------+-----------------------+------------------------+-----------------+--------------+


4. Detailed Control Set Information
-----------------------------------

+------------------+------------------------------+------------------+------------------+----------------+--------------+
|   Clock Signal   |         Enable Signal        | Set/Reset Signal | Slice Load Count | Bel Load Count | Bels / Slice |
+------------------+------------------------------+------------------+------------------+----------------+--------------+
|  Clock_IBUF_BUFG |                              |                  |                1 |              2 |         2.00 |
|  Clock_IBUF_BUFG | A_Reg[1][0][0]               |                  |                4 |              8 |         2.00 |
|  Clock_IBUF_BUFG | A_Reg[0][0][0]               |                  |                4 |              8 |         2.00 |
|  Clock_IBUF_BUFG | A_Reg[0][1][0]               |                  |                3 |              8 |         2.67 |
|  Clock_IBUF_BUFG | A_Reg[1][1][0]               |                  |                4 |              8 |         2.00 |
|  Clock_IBUF_BUFG | B_Reg[0][1][0]               |                  |                3 |              8 |         2.67 |
|  Clock_IBUF_BUFG | B_Reg[1][0][0]               |                  |                3 |              8 |         2.67 |
|  Clock_IBUF_BUFG | B_Reg[1][1][0]               |                  |                3 |              8 |         2.67 |
|  Clock_IBUF_BUFG | B_Reg[0][0][0]               |                  |                4 |              8 |         2.00 |
|  Clock_IBUF_BUFG | Cycle_Count[31]_i_1_n_0      | Reset_IBUF       |               13 |             32 |         2.46 |
|  Clock_IBUF_BUFG | Output_Reg[0][0][31]_i_1_n_0 |                  |               28 |            128 |         4.57 |
+------------------+------------------------------+------------------+------------------+----------------+--------------+


